// Jest Snapshot v1, https://goo.gl/fbAQLP

exports[`Square should match snapshot 1`] = `
<div
  style={
    Object {
      "minHeight": 0,
    }
  }
/>
`;
