// Jest Snapshot v1, https://goo.gl/fbAQLP

exports[`PageLayout should match snapshot 1`] = `
<main
  className=""
  id="primary"
/>
`;
